18.8.2025, 13:44:28 - INFO - Server is running on port: 3030
18.8.2025, 13:44:58 - INFO - New connected socket [id: 0YQPSlPd3Laj38cnAAAB]
18.8.2025, 13:45:05 - INFO - /api/stay | GET |  | {}
18.8.2025, 13:45:08 - INFO - /api/stay | GET |  | {}
18.8.2025, 13:45:16 - INFO - /api/review | GET |  | {}
18.8.2025, 13:45:29 - INFO - /api/stay | GET |  | {}
18.8.2025, 13:45:29 - INFO - /api/stay | GET |  | {}
18.8.2025, 13:45:33 - INFO - /api/review | GET |  | {}
18.8.2025, 13:49:55 - INFO - Socket disconnected [id: undefined]
18.8.2025, 13:49:55 - INFO - New connected socket [id: pa4xt5O4dOTAz7KnAAAD]
18.8.2025, 13:49:55 - INFO - /api/review | GET |  | {}
18.8.2025, 13:50:08 - INFO - /api/stay | GET |  | {}
18.8.2025, 13:50:20 - INFO - Socket disconnected [id: undefined]
18.8.2025, 13:50:20 - INFO - New connected socket [id: iYFOJAXl-6Y8bgjKAAAF]
18.8.2025, 13:50:20 - INFO - /api/stay | GET |  | {}
18.8.2025, 13:50:25 - ERROR - cannot get reviews | MongoServerSelectionError: connect ECONNREFUSED 127.0.0.1:27017
18.8.2025, 13:50:25 - ERROR - Cannot get reviews | MongoServerSelectionError: connect ECONNREFUSED 127.0.0.1:27017
18.8.2025, 13:50:25 - ERROR - cannot find users | MongoServerSelectionError: connect ECONNREFUSED 127.0.0.1:27017
18.8.2025, 13:50:25 - ERROR - Failed to get users | MongoServerSelectionError: connect ECONNREFUSED 127.0.0.1:27017
18.8.2025, 13:50:29 - INFO - Socket disconnected [id: undefined]
18.8.2025, 13:50:29 - INFO - /api/stay | GET |  | {}
18.8.2025, 13:50:29 - INFO - New connected socket [id: mF4P2upP_HaU-l8RAAAH]
18.8.2025, 13:50:33 - INFO - Socket disconnected [id: undefined]
18.8.2025, 13:50:33 - INFO - New connected socket [id: qfD8AYXTIo2zHVErAAAJ]
18.8.2025, 13:50:33 - INFO - /api/stay | GET |  | {}
18.8.2025, 13:50:38 - ERROR - Failed to get stays | MongoServerSelectionError: connect ECONNREFUSED 127.0.0.1:27017
18.8.2025, 13:50:50 - ERROR - Failed to get stays | MongoServerSelectionError: connect ECONNREFUSED 127.0.0.1:27017
18.8.2025, 13:50:53 - INFO - /api/stay | GET |  | {}
18.8.2025, 13:50:58 - INFO - Server is running on port: 3030
18.8.2025, 13:50:59 - INFO - New connected socket [id: 5DijzrBF35qwpyQPAAAB]
18.8.2025, 13:51:02 - INFO - Socket disconnected [id: undefined]
18.8.2025, 13:51:02 - INFO - New connected socket [id: bPYhBrDg67VJou0TAAAD]
18.8.2025, 13:51:02 - INFO - /api/stay | GET |  | {}
18.8.2025, 13:51:22 - INFO - /api/stay | GET |  | {}
18.8.2025, 13:51:32 - ERROR - Cannot Connect to DB | MongoServerSelectionError: connect ECONNREFUSED 127.0.0.1:27017
18.8.2025, 13:51:32 - ERROR - Failed to get Mongo collection | MongoServerSelectionError: connect ECONNREFUSED 127.0.0.1:27017
18.8.2025, 13:51:32 - ERROR - cannot find stays | MongoServerSelectionError: connect ECONNREFUSED 127.0.0.1:27017
18.8.2025, 13:51:32 - ERROR - Failed to get stays | MongoServerSelectionError: connect ECONNREFUSED 127.0.0.1:27017
18.8.2025, 13:51:52 - ERROR - Cannot Connect to DB | MongoServerSelectionError: connect ECONNREFUSED 127.0.0.1:27017
18.8.2025, 13:51:52 - ERROR - Failed to get Mongo collection | MongoServerSelectionError: connect ECONNREFUSED 127.0.0.1:27017
18.8.2025, 13:51:52 - ERROR - cannot find stays | MongoServerSelectionError: connect ECONNREFUSED 127.0.0.1:27017
18.8.2025, 13:51:52 - ERROR - Failed to get stays | MongoServerSelectionError: connect ECONNREFUSED 127.0.0.1:27017
18.8.2025, 13:56:50 - INFO - Server is running on port: 3030
18.8.2025, 13:56:55 - INFO - New connected socket [id: WjiRYNa1XM5eyIceAAAB]
18.8.2025, 13:57:01 - INFO - /api/stay | GET |  | {}
18.8.2025, 13:57:02 - INFO - /api/stay | GET |  | {}
18.8.2025, 13:57:03 - INFO - /api/review | GET |  | {}
18.8.2025, 13:57:35 - INFO - /api/stay | GET |  | {}
18.8.2025, 13:57:35 - INFO - /api/stay | GET |  | {}
18.8.2025, 13:57:38 - INFO - /api/stay | GET |  | {}
18.8.2025, 13:57:39 - INFO - /api/stay | GET |  | {}
18.8.2025, 13:57:41 - INFO - /api/stay | GET |  | {}
18.8.2025, 13:57:43 - INFO - /api/stay | GET |  | {}
18.8.2025, 13:57:47 - INFO - /api/stay | GET |  | {}
18.8.2025, 13:57:48 - INFO - /api/stay | GET |  | {}
18.8.2025, 13:57:51 - INFO - /api/review | GET |  | {}
18.8.2025, 13:57:55 - INFO - user-watch from socket [id: WjiRYNa1XM5eyIceAAAB], on user 664f8261e6205c622dbc14e2
18.8.2025, 13:58:02 - DEBUG - auth.service - login with username: bob
18.8.2025, 13:58:02 - INFO - User login:  | {"_id":"664f8261e6205c622dbc14e2","username":"bob","fullname":"bob","imgUrl":"https://cdn.pixabay.com/photo/2020/07/01/12/58/icon-5359553_1280.png","score":530,"isAdmin":true}
18.8.2025, 13:58:02 - INFO - Setting socket.userId = 664f8261e6205c622dbc14e2 for socket [id: WjiRYNa1XM5eyIceAAAB]
18.8.2025, 13:58:06 - INFO - /api/stay | GET |  | {} | 664f8261e6205c622dbc14e2
18.8.2025, 13:58:06 - INFO - /api/stay | GET |  | {} | 664f8261e6205c622dbc14e2
18.8.2025, 13:58:14 - INFO - /api/review | GET |  | {} | 664f8261e6205c622dbc14e2
18.8.2025, 13:58:18 - INFO - /api/stay | GET |  | {} | 664f8261e6205c622dbc14e2
18.8.2025, 13:58:18 - INFO - /api/stay | GET |  | {} | 664f8261e6205c622dbc14e2
18.8.2025, 13:58:20 - INFO - Removing socket.userId for socket [id: WjiRYNa1XM5eyIceAAAB]
18.8.2025, 13:58:26 - INFO - /api/stay | GET |  | {}
18.8.2025, 13:58:26 - INFO - /api/stay | GET |  | {}
18.8.2025, 15:48:44 - INFO - /api/review | GET |  | {}
18.8.2025, 15:48:46 - INFO - /api/stay | GET |  | {}
18.8.2025, 15:48:46 - INFO - /api/stay | GET |  | {}
18.8.2025, 16:04:01 - INFO - Server is running on port: 3030
18.8.2025, 16:04:50 - INFO - /api/review | GET |  | {}
18.8.2025, 16:05:29 - INFO - Server is running on port: 3030
18.8.2025, 16:05:30 - INFO - /api/review | GET |  | {}
18.8.2025, 16:05:53 - INFO - Server is running on port: 3030
18.8.2025, 16:05:54 - INFO - /api/review | GET |  | {}
18.8.2025, 16:06:18 - INFO - Server is running on port: 3030
18.8.2025, 16:06:19 - INFO - /api/review | GET |  | {}
18.8.2025, 16:06:29 - INFO - Server is running on port: 3030
18.8.2025, 16:06:34 - INFO - /api/review | GET |  | {}
18.8.2025, 16:06:51 - INFO - Server is running on port: 3030
18.8.2025, 16:06:52 - INFO - /api/review | GET |  | {}
19.8.2025, 9:07:12 - INFO - Server is running on port: 3030
19.8.2025, 9:07:15 - INFO - New connected socket [id: SexD-Ap3IjT9eMuVAAAB]
19.8.2025, 9:07:25 - INFO - /api/stay | GET |  | {}
19.8.2025, 9:07:25 - INFO - /api/stay | GET |  | {}
19.8.2025, 9:07:26 - INFO - /api/review | GET |  | {}
19.8.2025, 9:09:01 - DEBUG - auth.service - login with username: bob
19.8.2025, 9:09:01 - INFO - User login:  | {"_id":"664f8261e6205c622dbc14e2","username":"bob","fullname":"bob","imgUrl":"https://cdn.pixabay.com/photo/2020/07/01/12/58/icon-5359553_1280.png","score":530,"isAdmin":true}
19.8.2025, 9:09:01 - INFO - Setting socket.userId = 664f8261e6205c622dbc14e2 for socket [id: SexD-Ap3IjT9eMuVAAAB]
19.8.2025, 9:09:05 - INFO - user-watch from socket [id: SexD-Ap3IjT9eMuVAAAB], on user 664f8261e6205c622dbc14e2
19.8.2025, 9:09:16 - INFO - /api/review | GET |  | {} | 664f8261e6205c622dbc14e2
19.8.2025, 9:09:18 - INFO - /api/stay | GET |  | {} | 664f8261e6205c622dbc14e2
19.8.2025, 9:09:18 - INFO - /api/stay | GET |  | {} | 664f8261e6205c622dbc14e2
19.8.2025, 9:09:21 - INFO - Removing socket.userId for socket [id: SexD-Ap3IjT9eMuVAAAB]
19.8.2025, 9:09:23 - INFO - /api/stay | GET |  | {}
19.8.2025, 9:09:23 - INFO - /api/stay | GET |  | {}
19.8.2025, 9:11:15 - INFO - /api/review | GET |  | {}
19.8.2025, 9:11:21 - INFO - /api/review | GET |  | {}
19.8.2025, 9:11:33 - INFO - /api/review | GET |  | {}
19.8.2025, 9:12:14 - INFO - Server is running on port: 3030
19.8.2025, 9:12:15 - INFO - /api/review | GET |  | {}
19.8.2025, 9:12:15 - ERROR - Cannot get reviews | TypeError: Converting circular structure to JSON
    --> starting at object with constructor 'MongoClient'
    |     property 's' -> object with constructor 'Object'
    |     property 'sessionPool' -> object with constructor 'ServerSessionPool'
    --- property 'client' closes the circle
19.8.2025, 9:12:15 - INFO - New connected socket [id: T1-VrSvNZgOze1-0AAAB]
19.8.2025, 9:13:10 - INFO - Server is running on port: 3030
19.8.2025, 9:13:10 - INFO - New connected socket [id: KBWcO5Onxgg0Z6X7AAAB]
19.8.2025, 9:13:13 - INFO - /api/review | GET |  | {}
19.8.2025, 9:13:56 - INFO - Server is running on port: 3030
19.8.2025, 9:13:58 - INFO - /api/review | GET |  | {}
19.8.2025, 9:13:58 - ERROR - Cannot get reviews | TypeError: Converting circular structure to JSON
    --> starting at object with constructor 'MongoClient'
    |     property 's' -> object with constructor 'Object'
    |     property 'sessionPool' -> object with constructor 'ServerSessionPool'
    --- property 'client' closes the circle
19.8.2025, 9:14:00 - INFO - New connected socket [id: wHoA7ibQ9efHNusXAAAB]
19.8.2025, 9:14:43 - INFO - Server is running on port: 3030
19.8.2025, 9:14:45 - INFO - New connected socket [id: WSSoiy86SxyN_q9tAAAB]
19.8.2025, 9:16:39 - INFO - Server is running on port: 3030
19.8.2025, 9:16:40 - INFO - /api/review | GET |  | {}
19.8.2025, 9:16:41 - INFO - New connected socket [id: 9S3wkaVF0Chd-wNIAAAB]
19.8.2025, 9:17:23 - INFO - Server is running on port: 3030
19.8.2025, 9:17:25 - INFO - New connected socket [id: ztetELn03psPT2NnAAAB]
19.8.2025, 9:17:26 - INFO - /api/review | GET |  | {}
19.8.2025, 9:18:13 - INFO - Server is running on port: 3030
19.8.2025, 9:18:14 - INFO - /api/review | GET |  | {}
19.8.2025, 9:18:15 - INFO - New connected socket [id: 8mybkskqL6wRmEExAAAB]
19.8.2025, 9:19:04 - INFO - Server is running on port: 3030
19.8.2025, 9:19:06 - INFO - New connected socket [id: vIWSp7cIfTliYN0SAAAB]
19.8.2025, 9:19:39 - INFO - Socket disconnected [id: undefined]
19.8.2025, 9:19:39 - INFO - New connected socket [id: dloh9Iq4mAIVwLW-AAAD]
19.8.2025, 9:19:39 - INFO - /api/stay | GET |  | {}
19.8.2025, 9:19:39 - INFO - /api/stay | GET |  | {}
19.8.2025, 11:08:45 - INFO - Server is running on port: 3030
19.8.2025, 11:08:47 - INFO - New connected socket [id: tC8yhW_cW0GogugIAAAB]
19.8.2025, 11:10:03 - INFO - /api/review | GET |  | {}
19.8.2025, 11:10:39 - INFO - Server is running on port: 3030
19.8.2025, 11:10:41 - INFO - New connected socket [id: TUXy76UxQTaYeHWBAAAB]
19.8.2025, 11:10:41 - INFO - /api/review | GET |  | {}
19.8.2025, 11:12:22 - INFO - Server is running on port: 3030
19.8.2025, 11:12:24 - INFO - New connected socket [id: ZQ5lJzkhd7ris3CMAAAB]
19.8.2025, 11:12:25 - INFO - /api/review | GET |  | {}
19.8.2025, 11:13:16 - INFO - Server is running on port: 3030
19.8.2025, 11:13:17 - INFO - New connected socket [id: AzCDfHasxaLopT05AAAB]
19.8.2025, 11:13:17 - INFO - /api/review | GET |  | {}
19.8.2025, 11:13:18 - INFO - /api/review | GET |  | {}
19.8.2025, 11:13:56 - INFO - /api/review | GET |  | {}
19.8.2025, 11:14:06 - INFO - /api/review | GET |  | {}
19.8.2025, 11:14:14 - INFO - /api/review | GET |  | {}
19.8.2025, 11:14:22 - INFO - /api/review | GET |  | {}
19.8.2025, 11:14:47 - INFO - /api/review | GET |  | {}
19.8.2025, 11:16:13 - INFO - Server is running on port: 3030
19.8.2025, 11:16:15 - INFO - New connected socket [id: YdDOfj99dKF5phhdAAAB]
19.8.2025, 11:18:26 - INFO - /api/review | GET |  | {}
19.8.2025, 11:18:41 - INFO - /api/review | GET |  | {}
19.8.2025, 11:20:48 - INFO - Server is running on port: 3030
19.8.2025, 11:20:50 - INFO - New connected socket [id: Itp1ey_ftBmHu4-1AAAB]
19.8.2025, 11:20:53 - INFO - /api/review | GET |  | {}
19.8.2025, 11:22:27 - INFO - Server is running on port: 3030
19.8.2025, 11:22:27 - INFO - /api/review | GET |  | {}
19.8.2025, 11:22:29 - INFO - New connected socket [id: FJvAoc0k-j9MNYTlAAAB]
19.8.2025, 11:23:18 - INFO - Server is running on port: 3030
19.8.2025, 11:23:19 - INFO - New connected socket [id: ISAGt7tq6OIFgimDAAAB]
19.8.2025, 11:23:19 - INFO - /api/review | GET |  | {}
19.8.2025, 11:23:47 - INFO - Server is running on port: 3030
19.8.2025, 11:23:49 - INFO - New connected socket [id: DdNqKzPK_xx2v4DIAAAB]
19.8.2025, 11:24:02 - INFO - /api/review | GET |  | {}
19.8.2025, 11:24:26 - INFO - Server is running on port: 3030
19.8.2025, 11:24:27 - INFO - /api/review | GET |  | {}
19.8.2025, 11:24:28 - INFO - New connected socket [id: XavHEoutIxoV4Tb_AAAB]
19.8.2025, 11:24:40 - INFO - Server is running on port: 3030
19.8.2025, 11:24:41 - INFO - /api/review | GET |  | {}
19.8.2025, 11:24:42 - INFO - New connected socket [id: JxpaFYEwdkKMidVxAAAB]
19.8.2025, 11:25:27 - INFO - Server is running on port: 3030
19.8.2025, 11:25:29 - INFO - New connected socket [id: 9hhiophy80ezn6U4AAAB]
19.8.2025, 11:25:29 - INFO - /api/review | GET |  | {}
19.8.2025, 11:28:02 - INFO - Server is running on port: 3030
19.8.2025, 11:28:04 - INFO - New connected socket [id: 9YjU06OGZuQotl75AAAB]
19.8.2025, 11:28:06 - INFO - /api/review | GET |  | {}
19.8.2025, 11:29:36 - INFO - /api/review | GET |  | {}
19.8.2025, 11:30:16 - INFO - Server is running on port: 3030
19.8.2025, 11:30:17 - INFO - /api/review | GET |  | {}
19.8.2025, 11:30:18 - INFO - New connected socket [id: 8gJBjbthf8PkXcfXAAAB]
19.8.2025, 11:30:34 - INFO - Server is running on port: 3030
19.8.2025, 11:30:35 - INFO - New connected socket [id: Nl_vnnQ9r0QNTUCsAAAB]
19.8.2025, 11:30:36 - INFO - /api/review | GET |  | {}
19.8.2025, 11:33:03 - INFO - /api/review | GET |  | {}
19.8.2025, 11:40:34 - INFO - user-watch from socket [id: Nl_vnnQ9r0QNTUCsAAAB], on user 664f8261e6205c622dbc14e2
19.8.2025, 11:41:50 - INFO - Server is running on port: 3030
19.8.2025, 11:41:50 - INFO - New connected socket [id: 2uQQo-EL4kl7Gf6LAAAB]
19.8.2025, 11:41:54 - INFO - /api/review | GET |  | {}
19.8.2025, 11:42:02 - INFO - user-watch from socket [id: 2uQQo-EL4kl7Gf6LAAAB], on user 664f8261e6205c622dbc14e2
19.8.2025, 11:45:25 - INFO - /api/review | GET |  | {}
19.8.2025, 11:45:36 - INFO - user-watch from socket [id: 2uQQo-EL4kl7Gf6LAAAB], on user 664f8261e6205c622dbc14e2
19.8.2025, 12:14:41 - INFO - Socket disconnected [id: undefined]
19.8.2025, 12:15:10 - INFO - /api/review | GET |  | {}
19.8.2025, 12:15:10 - INFO - New connected socket [id: QbOBNzu35RWSmhSAAAAD]
19.8.2025, 12:16:29 - INFO - user-watch from socket [id: QbOBNzu35RWSmhSAAAAD], on user 664f8261e6205c622dbc14e2
19.8.2025, 12:26:05 - INFO - Socket disconnected [id: undefined]
29.8.2025, 15:32:24 - INFO - Server is running on port: 3030
29.8.2025, 15:36:26 - INFO - /api/stay | GET |  | {}
29.8.2025, 15:37:31 - INFO - /api/stay | POST | {"name":"sos","price":12} | {}
29.8.2025, 15:42:50 - DEBUG - auth.service - signup with username: alon, fullname: sos
29.8.2025, 15:42:51 - DEBUG - auth.route - new account created: {"username":"alon","password":"$2b$10$7JfZlDVjf7nJBsRUkp4Mne3ISKvTAeTMCDpJkcf6Q2fyTToDPc3.O","fullname":"sos","score":100,"_id":"68b1a04b78306dc5eb5a1f6f"}
29.8.2025, 15:42:51 - DEBUG - auth.service - login with username: alon
29.8.2025, 15:42:51 - INFO - User signup: | {"_id":"68b1a04b78306dc5eb5a1f6f","username":"alon","fullname":"sos","imgUrl":null,"isAdmin":null,"score":100}
29.8.2025, 15:43:04 - INFO - /api/stay | GET | {"fullname":"sos","username":"alon","password":"alon"} | {} | 68b1a04b78306dc5eb5a1f6f
29.8.2025, 15:44:03 - INFO - /api/stay | POST | {"name":"sos","price":14} | {} | 68b1a04b78306dc5eb5a1f6f
29.8.2025, 15:44:09 - INFO - /api/stay | GET | {"name":"sos","price":14} | {} | 68b1a04b78306dc5eb5a1f6f
29.8.2025, 15:54:59 - INFO - Server is running on port: 3030
29.8.2025, 15:55:08 - INFO - /api/stay | GET | {"vendor":"sos","speed":14} | {} | 68b1a04b78306dc5eb5a1f6f
29.8.2025, 15:56:21 - INFO - /api/stay | POST | {"name":"barcelona","price":12} | {} | 68b1a04b78306dc5eb5a1f6f
29.8.2025, 15:56:42 - INFO - Server is running on port: 3030
29.8.2025, 15:56:47 - INFO - /api/stay | GET | {"name":"barcelona","price":12} | {} | 68b1a04b78306dc5eb5a1f6f
29.8.2025, 15:57:04 - ERROR - cannot remove stay 68b1a37536e6fd8d96c18a68 | Not your stay | 68b1a04b78306dc5eb5a1f6f
29.8.2025, 15:57:04 - ERROR - Failed to remove stay | Not your stay | 68b1a04b78306dc5eb5a1f6f
29.8.2025, 15:58:03 - INFO - Server is running on port: 3030
29.8.2025, 15:58:03 - INFO - Server is running on port: 3030
29.8.2025, 15:58:06 - INFO - Server is running on port: 3030
29.8.2025, 15:58:08 - INFO - Server is running on port: 3030
29.8.2025, 15:58:10 - INFO - Server is running on port: 3030
29.8.2025, 15:58:51 - INFO - Server is running on port: 3030
29.8.2025, 15:58:55 - INFO - Server is running on port: 3030
29.8.2025, 15:59:00 - ERROR - cannot remove stay 68b1a37536e6fd8d96c18a68 | Not your stay | 68b1a04b78306dc5eb5a1f6f
29.8.2025, 15:59:00 - ERROR - Failed to remove stay | Not your stay | 68b1a04b78306dc5eb5a1f6f
29.8.2025, 16:05:34 - INFO - Server is running on port: 3030
29.8.2025, 16:05:40 - INFO - Server is running on port: 3030
29.8.2025, 16:09:42 - DEBUG - auth.service - signup with username: admin, fullname: admin | 68b1a04b78306dc5eb5a1f6f
29.8.2025, 16:09:42 - DEBUG - auth.route - new account created: {"username":"admin","password":"$2b$10$snOgyuWfD9TYrsFyzWUxdeQXIEBKPRzEUjnQK8WBuBxyJugkfGSA.","fullname":"admin","isAdmin":true,"score":100,"_id":"68b1a696af177aae560256d8"} | 68b1a04b78306dc5eb5a1f6f
29.8.2025, 16:09:42 - DEBUG - auth.service - login with username: admin | 68b1a04b78306dc5eb5a1f6f
29.8.2025, 16:09:42 - INFO - User signup: | {"_id":"68b1a696af177aae560256d8","username":"admin","fullname":"admin","imgUrl":null,"isAdmin":true,"score":100} | 68b1a04b78306dc5eb5a1f6f
29.8.2025, 16:33:40 - ERROR - Failed to get user | TypeError: Cannot convert undefined or null to object | 68b1a696af177aae560256d8
29.8.2025, 16:33:40 - ERROR - while finding user by id: 6741d259d9559d50478546a5 | TypeError: Cannot convert undefined or null to object | 68b1a696af177aae560256d8
29.8.2025, 16:38:51 - DEBUG - auth.service - signup with username: test, fullname: test | 68b1a696af177aae560256d8
29.8.2025, 16:38:51 - DEBUG - auth.route - new account created: {"username":"test","password":"$2b$10$4mpeFjiOT3DVl2QK2QH5X.6vuTXUzv6UcXpcU2xi5su3njmbl31Ba","fullname":"test","isAdmin":false,"score":100,"_id":"68b1ad6baf177aae560256d9"} | 68b1a696af177aae560256d8
29.8.2025, 16:38:51 - DEBUG - auth.service - login with username: test | 68b1a696af177aae560256d8
29.8.2025, 16:38:51 - INFO - User signup: | {"_id":"68b1ad6baf177aae560256d9","username":"test","fullname":"test","imgUrl":null,"isAdmin":false,"score":100} | 68b1a696af177aae560256d8
29.8.2025, 16:42:08 - INFO - Server is running on port: 3030
29.8.2025, 16:42:40 - INFO - Server is running on port: 3030
29.8.2025, 16:46:21 - INFO - Server is running on port: 3030
29.8.2025, 16:46:24 - INFO - Server is running on port: 3030
29.8.2025, 16:46:28 - INFO - Server is running on port: 3030
29.8.2025, 16:46:31 - INFO - Server is running on port: 3030
29.8.2025, 16:50:05 - INFO - Server is running on port: 3030
29.8.2025, 16:53:05 - INFO - Server is running on port: 3030
29.8.2025, 16:54:00 - INFO - Server is running on port: 3030
29.8.2025, 16:54:03 - INFO - Server is running on port: 3030
29.8.2025, 16:54:07 - INFO - Server is running on port: 3030
29.8.2025, 16:54:14 - INFO - Server is running on port: 3030
29.8.2025, 17:05:26 - INFO - Server is running on port: 3030
29.8.2025, 17:05:49 - INFO - Server is running on port: 3030
29.8.2025, 17:06:11 - INFO - Server is running on port: 3030
29.8.2025, 17:07:52 - INFO - Server is running on port: 3030
29.8.2025, 17:07:54 - INFO - Server is running on port: 3030
29.8.2025, 17:07:58 - INFO - Server is running on port: 3030
29.8.2025, 17:08:02 - INFO - Server is running on port: 3030
29.8.2025, 17:08:20 - INFO - Server is running on port: 3030
29.8.2025, 17:08:34 - INFO - /api/stay | GET | {"username":"test","fullname":"test","isAdmin":false,"password":"test"} | {} | 68b1ad6baf177aae560256d9
29.8.2025, 17:08:35 - ERROR - Failed to get Mongo collection | MongoParseError: Invalid scheme, expected connection string to start with "mongodb://" or "mongodb+srv://" | 68b1ad6baf177aae560256d9
29.8.2025, 17:08:35 - ERROR - Cannot Connect to DB | MongoParseError: Invalid scheme, expected connection string to start with "mongodb://" or "mongodb+srv://" | 68b1ad6baf177aae560256d9
29.8.2025, 17:08:35 - ERROR - Failed to get stays | MongoParseError: Invalid scheme, expected connection string to start with "mongodb://" or "mongodb+srv://" | 68b1ad6baf177aae560256d9
29.8.2025, 17:08:35 - ERROR - cannot find stays | MongoParseError: Invalid scheme, expected connection string to start with "mongodb://" or "mongodb+srv://" | 68b1ad6baf177aae560256d9
29.8.2025, 17:09:26 - ERROR - Cannot Connect to DB | MongoParseError: Invalid scheme, expected connection string to start with "mongodb://" or "mongodb+srv://" | 68b1ad6baf177aae560256d9
29.8.2025, 17:09:26 - ERROR - Failed to get Mongo collection | MongoParseError: Invalid scheme, expected connection string to start with "mongodb://" or "mongodb+srv://" | 68b1ad6baf177aae560256d9
29.8.2025, 17:09:26 - ERROR - Failed to get users | MongoParseError: Invalid scheme, expected connection string to start with "mongodb://" or "mongodb+srv://" | 68b1ad6baf177aae560256d9
29.8.2025, 17:09:26 - ERROR - cannot find users | MongoParseError: Invalid scheme, expected connection string to start with "mongodb://" or "mongodb+srv://" | 68b1ad6baf177aae560256d9
29.8.2025, 17:09:34 - INFO - Server is running on port: 3030
29.8.2025, 17:09:45 - INFO - Server is running on port: 3030
29.8.2025, 17:10:41 - DEBUG - auth.service - signup with username: sam, fullname: sam | 68b1ad6baf177aae560256d9
29.8.2025, 17:10:41 - DEBUG - auth.route - new account created: {"username":"sam","password":"$2b$10$IsvRhgJGnFIuU3NTyC1NzeTWrcSmb0pR3RK5.cW5TJWVswcB2K/Ze","fullname":"sam","isAdmin":false,"score":100,"_id":"68b1b4e122aa2a3ae5777828"} | 68b1ad6baf177aae560256d9
29.8.2025, 17:10:41 - DEBUG - auth.service - login with username: sam | 68b1ad6baf177aae560256d9
29.8.2025, 17:10:41 - INFO - User signup: | {"_id":"68b1b4e122aa2a3ae5777828","username":"sam","fullname":"sam","imgUrl":null,"isAdmin":false,"score":100} | 68b1ad6baf177aae560256d9
29.8.2025, 17:12:16 - INFO - /api/stay | GET | {"username":"sam","fullname":"sam","isAdmin":false,"password":"sam"} | {} | 68b1b4e122aa2a3ae5777828
29.8.2025, 17:17:00 - DEBUG - auth.service - signup with username: now, fullname: now | 68b1b4e122aa2a3ae5777828
29.8.2025, 17:17:00 - DEBUG - auth.route - new account created: {"username":"now","password":"$2b$10$aPcNoIz/mhUMMXelcTYZlelLjKz51z8CcmVTbm4lQYnZsgp1DYkmy","fullname":"now","isAdmin":false,"score":100,"_id":"68b1b65c22aa2a3ae5777829"} | 68b1b4e122aa2a3ae5777828
29.8.2025, 17:17:00 - DEBUG - auth.service - login with username: now | 68b1b4e122aa2a3ae5777828
29.8.2025, 17:17:00 - INFO - User signup: | {"_id":"68b1b65c22aa2a3ae5777829","username":"now","fullname":"now","imgUrl":null,"isAdmin":false,"score":100} | 68b1b4e122aa2a3ae5777828
29.8.2025, 17:22:33 - DEBUG - auth.service - signup with username: whn, fullname: whn | 68b1b65c22aa2a3ae5777829
29.8.2025, 17:22:33 - DEBUG - auth.route - new account created: {"username":"whn","password":"$2b$10$Iz07PI.6GZYpnN946wPw8em8rHop/dWepCc86S6JQMqjXZthiBHci","fullname":"whn","isAdmin":false,"score":100,"_id":"68b1b7a922aa2a3ae577782a"} | 68b1b65c22aa2a3ae5777829
29.8.2025, 17:22:33 - DEBUG - auth.service - login with username: whn | 68b1b65c22aa2a3ae5777829
29.8.2025, 17:22:33 - INFO - User signup: | {"_id":"68b1b7a922aa2a3ae577782a","username":"whn","fullname":"whn","imgUrl":null,"isAdmin":false,"score":100} | 68b1b65c22aa2a3ae5777829
29.8.2025, 17:22:47 - ERROR - Failed to get users | TypeError: user._id.getTimestamp is not a function | 68b1b7a922aa2a3ae577782a
29.8.2025, 17:22:47 - ERROR - cannot find users | TypeError: user._id.getTimestamp is not a function | 68b1b7a922aa2a3ae577782a
29.8.2025, 17:23:21 - ERROR - cannot find users | TypeError: user._id.getTimestamp is not a function | 68b1b7a922aa2a3ae577782a
29.8.2025, 17:23:21 - ERROR - Failed to get users | TypeError: user._id.getTimestamp is not a function | 68b1b7a922aa2a3ae577782a
29.8.2025, 17:28:23 - INFO - Server is running on port: 3030
29.8.2025, 17:28:26 - INFO - Server is running on port: 3030
29.8.2025, 17:28:30 - INFO - Server is running on port: 3030
29.8.2025, 17:28:39 - INFO - Server is running on port: 3030
29.8.2025, 17:28:42 - INFO - Server is running on port: 3030
29.8.2025, 17:28:47 - INFO - Server is running on port: 3030
29.8.2025, 17:29:10 - INFO - Server is running on port: 3030
29.8.2025, 17:29:13 - INFO - Server is running on port: 3030
29.8.2025, 17:30:18 - DEBUG - auth.service - signup with username: ss, fullname: ss | 68b1b7a922aa2a3ae577782a
29.8.2025, 17:30:18 - DEBUG - auth.route - new account created: {"username":"ss","password":"$2b$10$XPGit6dhiSKlUrmziPcB/uoDVosmUS36woPs.mcHF/h/i3p4DyCJC","fullname":"ss","isAdmin":false,"score":100,"_id":"68b1b97a216be993b9070564"} | 68b1b7a922aa2a3ae577782a
29.8.2025, 17:30:18 - DEBUG - auth.service - login with username: ss | 68b1b7a922aa2a3ae577782a
29.8.2025, 17:30:18 - INFO - User signup: | {"_id":"68b1b97a216be993b9070564","username":"ss","fullname":"ss","imgUrl":null,"isAdmin":false,"score":100} | 68b1b7a922aa2a3ae577782a
29.8.2025, 17:33:53 - INFO - /api/stay | GET | {"username":"ss","fullname":"ss","isAdmin":false,"password":"ss"} | {} | 68b1b97a216be993b9070564
29.8.2025, 17:37:28 - WARN - ssattempted to perform admin action | 68b1b97a216be993b9070564
29.8.2025, 17:39:04 - DEBUG - auth.service - login with username: admin | 68b1b97a216be993b9070564
29.8.2025, 17:39:04 - INFO - User login:  | {"_id":"68b1a696af177aae560256d8","username":"admin","fullname":"admin","imgUrl":null,"isAdmin":true,"score":100} | 68b1b97a216be993b9070564
29.8.2025, 18:50:46 - INFO - Server is running on port: 3030
29.8.2025, 18:50:50 - INFO - Server is running on port: 3030
29.8.2025, 18:50:52 - INFO - Server is running on port: 3030
29.8.2025, 18:50:56 - INFO - Server is running on port: 3030
29.8.2025, 18:51:00 - INFO - Server is running on port: 3030
29.8.2025, 18:58:59 - INFO - Server is running on port: 3030
29.8.2025, 19:00:04 - INFO - Server is running on port: 3030
29.8.2025, 19:00:05 - INFO - Server is running on port: 3030
29.8.2025, 19:00:38 - INFO - Server is running on port: 3030
29.8.2025, 19:00:42 - INFO - Server is running on port: 3030
29.8.2025, 19:00:49 - INFO - Server is running on port: 3030
29.8.2025, 19:00:50 - INFO - Server is running on port: 3030
29.8.2025, 19:00:51 - INFO - Server is running on port: 3030
29.8.2025, 19:00:54 - INFO - Server is running on port: 3030
29.8.2025, 19:00:56 - INFO - Server is running on port: 3030
29.8.2025, 19:01:00 - INFO - Server is running on port: 3030
29.8.2025, 19:02:17 - INFO - Server is running on port: 3030
29.8.2025, 19:02:20 - INFO - Server is running on port: 3030
29.8.2025, 19:02:23 - INFO - Server is running on port: 3030
29.8.2025, 19:02:24 - INFO - Server is running on port: 3030
29.8.2025, 19:02:29 - INFO - Server is running on port: 3030
29.8.2025, 19:03:37 - INFO - Server is running on port: 3030
29.8.2025, 19:03:38 - INFO - Server is running on port: 3030
29.8.2025, 19:06:54 - INFO - Server is running on port: 3030
29.8.2025, 19:06:57 - INFO - Server is running on port: 3030
29.8.2025, 19:07:05 - INFO - Server is running on port: 3030
29.8.2025, 19:07:07 - INFO - Server is running on port: 3030
29.8.2025, 19:09:26 - INFO - Server is running on port: 3030
29.8.2025, 19:09:47 - INFO - Server is running on port: 3030
29.8.2025, 19:12:02 - INFO - Server is running on port: 3030
29.8.2025, 19:12:51 - INFO - Server is running on port: 3030
29.8.2025, 19:12:57 - INFO - Server is running on port: 3030
29.8.2025, 19:13:14 - INFO - Server is running on port: 3030
29.8.2025, 19:13:19 - INFO - Server is running on port: 3030
29.8.2025, 19:13:25 - INFO - Server is running on port: 3030
29.8.2025, 19:13:28 - INFO - Server is running on port: 3030
29.8.2025, 19:13:31 - INFO - Server is running on port: 3030
29.8.2025, 19:13:33 - INFO - Server is running on port: 3030
29.8.2025, 19:14:09 - INFO - Server is running on port: 3030
29.8.2025, 19:14:15 - INFO - Server is running on port: 3030
29.8.2025, 19:14:30 - INFO - Server is running on port: 3030
29.8.2025, 19:14:32 - INFO - Server is running on port: 3030
29.8.2025, 19:14:34 - INFO - Server is running on port: 3030
29.8.2025, 19:14:41 - INFO - Server is running on port: 3030
29.8.2025, 19:14:45 - INFO - Server is running on port: 3030
29.8.2025, 19:14:52 - INFO - Server is running on port: 3030
29.8.2025, 19:14:57 - INFO - Server is running on port: 3030
29.8.2025, 19:14:57 - INFO - Server is running on port: 3030
2.9.2025, 9:55:21 - INFO - Server is running on port: 3030
2.9.2025, 9:55:29 - INFO - Server is running on port: 3030
2.9.2025, 9:55:32 - INFO - Server is running on port: 3030
